error: Discriminant is not compatiable with any top level `#[attr]` except `#[repr(_)]`.
 --> tests/fail/remove_repr_disc2.rs:7:10
  |
7 | pub enum Foo {
  |          ^^^
